MSBuild version 17.6.8+c70978d4d for .NET
  姝ｅ湪纭畾瑕佽繕鍘熺殑椤圭洰鈥?
  鎵€鏈夐」鐩潎鏄渶鏂扮殑锛屾棤娉曡繕鍘熴€?
C:\Program Files\dotnet\sdk\7.0.306\Microsoft.Common.CurrentVersion.targets(5150,5): warning MSB3026: 鏃犳硶灏嗏€淒:\Desktop\work_space\HoverPortal\src\HoverPortal\obj\Debug\net7.0-windows\apphost.exe鈥濆鍒跺埌鈥渂in\Debug\net7.0-windows\HoverPortal.exe鈥濄€?000 姣鍚庡皢寮€濮嬬 1 娆￠噸璇曘€俆he process cannot access the file 'D:\Desktop\work_space\HoverPortal\src\HoverPortal\bin\Debug\net7.0-windows\HoverPortal.exe' because it is being used by another process. 鏂囦欢琚€淗overPortal (78360)鈥濋攣瀹氥€?[D:\Desktop\work_space\HoverPortal\src\HoverPortal\HoverPortal.csproj]
C:\Program Files\dotnet\sdk\7.0.306\Microsoft.Common.CurrentVersion.targets(5150,5): warning MSB3026: 鏃犳硶灏嗏€淒:\Desktop\work_space\HoverPortal\src\HoverPortal\obj\Debug\net7.0-windows\apphost.exe鈥濆鍒跺埌鈥渂in\Debug\net7.0-windows\HoverPortal.exe鈥濄€?000 姣鍚庡皢寮€濮嬬 2 娆￠噸璇曘€俆he process cannot access the file 'D:\Desktop\work_space\HoverPortal\src\HoverPortal\bin\Debug\net7.0-windows\HoverPortal.exe' because it is being used by another process. 鏂囦欢琚€淗overPortal (78360)鈥濋攣瀹氥€?[D:\Desktop\work_space\HoverPortal\src\HoverPortal\HoverPortal.csproj]
C:\Program Files\dotnet\sdk\7.0.306\Microsoft.Common.CurrentVersion.targets(5150,5): warning MSB3026: 鏃犳硶灏嗏€淒:\Desktop\work_space\HoverPortal\src\HoverPortal\obj\Debug\net7.0-windows\apphost.exe鈥濆鍒跺埌鈥渂in\Debug\net7.0-windows\HoverPortal.exe鈥濄€?000 姣鍚庡皢寮€濮嬬 3 娆￠噸璇曘€俆he process cannot access the file 'D:\Desktop\work_space\HoverPortal\src\HoverPortal\bin\Debug\net7.0-windows\HoverPortal.exe' because it is being used by another process. 鏂囦欢琚€淗overPortal (78360)鈥濋攣瀹氥€?[D:\Desktop\work_space\HoverPortal\src\HoverPortal\HoverPortal.csproj]
C:\Program Files\dotnet\sdk\7.0.306\Microsoft.Common.CurrentVersion.targets(5150,5): warning MSB3026: 鏃犳硶灏嗏€淒:\Desktop\work_space\HoverPortal\src\HoverPortal\obj\Debug\net7.0-windows\apphost.exe鈥濆鍒跺埌鈥渂in\Debug\net7.0-windows\HoverPortal.exe鈥濄€?000 姣鍚庡皢寮€濮嬬 4 娆￠噸璇曘€俆he process cannot access the file 'D:\Desktop\work_space\HoverPortal\src\HoverPortal\bin\Debug\net7.0-windows\HoverPortal.exe' because it is being used by another process. 鏂囦欢琚€淗overPortal (78360)鈥濋攣瀹氥€?[D:\Desktop\work_space\HoverPortal\src\HoverPortal\HoverPortal.csproj]
C:\Program Files\dotnet\sdk\7.0.306\Microsoft.Common.CurrentVersion.targets(5150,5): warning MSB3026: 鏃犳硶灏嗏€淒:\Desktop\work_space\HoverPortal\src\HoverPortal\obj\Debug\net7.0-windows\apphost.exe鈥濆鍒跺埌鈥渂in\Debug\net7.0-windows\HoverPortal.exe鈥濄€?000 姣鍚庡皢寮€濮嬬 5 娆￠噸璇曘€俆he process cannot access the file 'D:\Desktop\work_space\HoverPortal\src\HoverPortal\bin\Debug\net7.0-windows\HoverPortal.exe' because it is being used by another process. 鏂囦欢琚€淗overPortal (78360)鈥濋攣瀹氥€?[D:\Desktop\work_space\HoverPortal\src\HoverPortal\HoverPortal.csproj]
C:\Program Files\dotnet\sdk\7.0.306\Microsoft.Common.CurrentVersion.targets(5150,5): warning MSB3026: 鏃犳硶灏嗏€淒:\Desktop\work_space\HoverPortal\src\HoverPortal\obj\Debug\net7.0-windows\apphost.exe鈥濆鍒跺埌鈥渂in\Debug\net7.0-windows\HoverPortal.exe鈥濄€?000 姣鍚庡皢寮€濮嬬 6 娆￠噸璇曘€俆he process cannot access the file 'D:\Desktop\work_space\HoverPortal\src\HoverPortal\bin\Debug\net7.0-windows\HoverPortal.exe' because it is being used by another process. 鏂囦欢琚€淗overPortal (78360)鈥濋攣瀹氥€?[D:\Desktop\work_space\HoverPortal\src\HoverPortal\HoverPortal.csproj]
C:\Program Files\dotnet\sdk\7.0.306\Microsoft.Common.CurrentVersion.targets(5150,5): warning MSB3026: 鏃犳硶灏嗏€淒:\Desktop\work_space\HoverPortal\src\HoverPortal\obj\Debug\net7.0-windows\apphost.exe鈥濆鍒跺埌鈥渂in\Debug\net7.0-windows\HoverPortal.exe鈥濄€?000 姣鍚庡皢寮€濮嬬 7 娆￠噸璇曘€俆he process cannot access the file 'D:\Desktop\work_space\HoverPortal\src\HoverPortal\bin\Debug\net7.0-windows\HoverPortal.exe' because it is being used by another process. 鏂囦欢琚€淗overPortal (78360)鈥濋攣瀹氥€?[D:\Desktop\work_space\HoverPortal\src\HoverPortal\HoverPortal.csproj]
C:\Program Files\dotnet\sdk\7.0.306\Microsoft.Common.CurrentVersion.targets(5150,5): warning MSB3026: 鏃犳硶灏嗏€淒:\Desktop\work_space\HoverPortal\src\HoverPortal\obj\Debug\net7.0-windows\apphost.exe鈥濆鍒跺埌鈥渂in\Debug\net7.0-windows\HoverPortal.exe鈥濄€?000 姣鍚庡皢寮€濮嬬 8 娆￠噸璇曘€俆he process cannot access the file 'D:\Desktop\work_space\HoverPortal\src\HoverPortal\bin\Debug\net7.0-windows\HoverPortal.exe' because it is being used by another process. 鏂囦欢琚€淗overPortal (78360)鈥濋攣瀹氥€?[D:\Desktop\work_space\HoverPortal\src\HoverPortal\HoverPortal.csproj]
C:\Program Files\dotnet\sdk\7.0.306\Microsoft.Common.CurrentVersion.targets(5150,5): warning MSB3026: 鏃犳硶灏嗏€淒:\Desktop\work_space\HoverPortal\src\HoverPortal\obj\Debug\net7.0-windows\apphost.exe鈥濆鍒跺埌鈥渂in\Debug\net7.0-windows\HoverPortal.exe鈥濄€?000 姣鍚庡皢寮€濮嬬 9 娆￠噸璇曘€俆he process cannot access the file 'D:\Desktop\work_space\HoverPortal\src\HoverPortal\bin\Debug\net7.0-windows\HoverPortal.exe' because it is being used by another process. 鏂囦欢琚€淗overPortal (78360)鈥濋攣瀹氥€?[D:\Desktop\work_space\HoverPortal\src\HoverPortal\HoverPortal.csproj]
C:\Program Files\dotnet\sdk\7.0.306\Microsoft.Common.CurrentVersion.targets(5150,5): warning MSB3026: 鏃犳硶灏嗏€淒:\Desktop\work_space\HoverPortal\src\HoverPortal\obj\Debug\net7.0-windows\apphost.exe鈥濆鍒跺埌鈥渂in\Debug\net7.0-windows\HoverPortal.exe鈥濄€?000 姣鍚庡皢寮€濮嬬 10 娆￠噸璇曘€俆he process cannot access the file 'D:\Desktop\work_space\HoverPortal\src\HoverPortal\bin\Debug\net7.0-windows\HoverPortal.exe' because it is being used by another process. 鏂囦欢琚€淗overPortal (78360)鈥濋攣瀹氥€?[D:\Desktop\work_space\HoverPortal\src\HoverPortal\HoverPortal.csproj]
C:\Program Files\dotnet\sdk\7.0.306\Microsoft.Common.CurrentVersion.targets(5150,5): error MSB3027: 鏃犳硶灏嗏€淒:\Desktop\work_space\HoverPortal\src\HoverPortal\obj\Debug\net7.0-windows\apphost.exe鈥濆鍒跺埌鈥渂in\Debug\net7.0-windows\HoverPortal.exe鈥濄€傝秴鍑轰簡閲嶈瘯璁℃暟 10銆傚け璐ャ€傛枃浠惰鈥淗overPortal (78360)鈥濋攣瀹氥€?[D:\Desktop\work_space\HoverPortal\src\HoverPortal\HoverPortal.csproj]
C:\Program Files\dotnet\sdk\7.0.306\Microsoft.Common.CurrentVersion.targets(5150,5): error MSB3021: 鏃犳硶灏嗘枃浠垛€淒:\Desktop\work_space\HoverPortal\src\HoverPortal\obj\Debug\net7.0-windows\apphost.exe鈥濆鍒跺埌鈥渂in\Debug\net7.0-windows\HoverPortal.exe鈥濄€俆he process cannot access the file 'D:\Desktop\work_space\HoverPortal\src\HoverPortal\bin\Debug\net7.0-windows\HoverPortal.exe' because it is being used by another process. [D:\Desktop\work_space\HoverPortal\src\HoverPortal\HoverPortal.csproj]

鐢熸垚澶辫触銆?

C:\Program Files\dotnet\sdk\7.0.306\Microsoft.Common.CurrentVersion.targets(5150,5): warning MSB3026: 鏃犳硶灏嗏€淒:\Desktop\work_space\HoverPortal\src\HoverPortal\obj\Debug\net7.0-windows\apphost.exe鈥濆鍒跺埌鈥渂in\Debug\net7.0-windows\HoverPortal.exe鈥濄€?000 姣鍚庡皢寮€濮嬬 1 娆￠噸璇曘€俆he process cannot access the file 'D:\Desktop\work_space\HoverPortal\src\HoverPortal\bin\Debug\net7.0-windows\HoverPortal.exe' because it is being used by another process. 鏂囦欢琚€淗overPortal (78360)鈥濋攣瀹氥€?[D:\Desktop\work_space\HoverPortal\src\HoverPortal\HoverPortal.csproj]
C:\Program Files\dotnet\sdk\7.0.306\Microsoft.Common.CurrentVersion.targets(5150,5): warning MSB3026: 鏃犳硶灏嗏€淒:\Desktop\work_space\HoverPortal\src\HoverPortal\obj\Debug\net7.0-windows\apphost.exe鈥濆鍒跺埌鈥渂in\Debug\net7.0-windows\HoverPortal.exe鈥濄€?000 姣鍚庡皢寮€濮嬬 2 娆￠噸璇曘€俆he process cannot access the file 'D:\Desktop\work_space\HoverPortal\src\HoverPortal\bin\Debug\net7.0-windows\HoverPortal.exe' because it is being used by another process. 鏂囦欢琚€淗overPortal (78360)鈥濋攣瀹氥€?[D:\Desktop\work_space\HoverPortal\src\HoverPortal\HoverPortal.csproj]
C:\Program Files\dotnet\sdk\7.0.306\Microsoft.Common.CurrentVersion.targets(5150,5): warning MSB3026: 鏃犳硶灏嗏€淒:\Desktop\work_space\HoverPortal\src\HoverPortal\obj\Debug\net7.0-windows\apphost.exe鈥濆鍒跺埌鈥渂in\Debug\net7.0-windows\HoverPortal.exe鈥濄€?000 姣鍚庡皢寮€濮嬬 3 娆￠噸璇曘€俆he process cannot access the file 'D:\Desktop\work_space\HoverPortal\src\HoverPortal\bin\Debug\net7.0-windows\HoverPortal.exe' because it is being used by another process. 鏂囦欢琚€淗overPortal (78360)鈥濋攣瀹氥€?[D:\Desktop\work_space\HoverPortal\src\HoverPortal\HoverPortal.csproj]
C:\Program Files\dotnet\sdk\7.0.306\Microsoft.Common.CurrentVersion.targets(5150,5): warning MSB3026: 鏃犳硶灏嗏€淒:\Desktop\work_space\HoverPortal\src\HoverPortal\obj\Debug\net7.0-windows\apphost.exe鈥濆鍒跺埌鈥渂in\Debug\net7.0-windows\HoverPortal.exe鈥濄€?000 姣鍚庡皢寮€濮嬬 4 娆￠噸璇曘€俆he process cannot access the file 'D:\Desktop\work_space\HoverPortal\src\HoverPortal\bin\Debug\net7.0-windows\HoverPortal.exe' because it is being used by another process. 鏂囦欢琚€淗overPortal (78360)鈥濋攣瀹氥€?[D:\Desktop\work_space\HoverPortal\src\HoverPortal\HoverPortal.csproj]
C:\Program Files\dotnet\sdk\7.0.306\Microsoft.Common.CurrentVersion.targets(5150,5): warning MSB3026: 鏃犳硶灏嗏€淒:\Desktop\work_space\HoverPortal\src\HoverPortal\obj\Debug\net7.0-windows\apphost.exe鈥濆鍒跺埌鈥渂in\Debug\net7.0-windows\HoverPortal.exe鈥濄€?000 姣鍚庡皢寮€濮嬬 5 娆￠噸璇曘€俆he process cannot access the file 'D:\Desktop\work_space\HoverPortal\src\HoverPortal\bin\Debug\net7.0-windows\HoverPortal.exe' because it is being used by another process. 鏂囦欢琚€淗overPortal (78360)鈥濋攣瀹氥€?[D:\Desktop\work_space\HoverPortal\src\HoverPortal\HoverPortal.csproj]
C:\Program Files\dotnet\sdk\7.0.306\Microsoft.Common.CurrentVersion.targets(5150,5): warning MSB3026: 鏃犳硶灏嗏€淒:\Desktop\work_space\HoverPortal\src\HoverPortal\obj\Debug\net7.0-windows\apphost.exe鈥濆鍒跺埌鈥渂in\Debug\net7.0-windows\HoverPortal.exe鈥濄€?000 姣鍚庡皢寮€濮嬬 6 娆￠噸璇曘€俆he process cannot access the file 'D:\Desktop\work_space\HoverPortal\src\HoverPortal\bin\Debug\net7.0-windows\HoverPortal.exe' because it is being used by another process. 鏂囦欢琚€淗overPortal (78360)鈥濋攣瀹氥€?[D:\Desktop\work_space\HoverPortal\src\HoverPortal\HoverPortal.csproj]
C:\Program Files\dotnet\sdk\7.0.306\Microsoft.Common.CurrentVersion.targets(5150,5): warning MSB3026: 鏃犳硶灏嗏€淒:\Desktop\work_space\HoverPortal\src\HoverPortal\obj\Debug\net7.0-windows\apphost.exe鈥濆鍒跺埌鈥渂in\Debug\net7.0-windows\HoverPortal.exe鈥濄€?000 姣鍚庡皢寮€濮嬬 7 娆￠噸璇曘€俆he process cannot access the file 'D:\Desktop\work_space\HoverPortal\src\HoverPortal\bin\Debug\net7.0-windows\HoverPortal.exe' because it is being used by another process. 鏂囦欢琚€淗overPortal (78360)鈥濋攣瀹氥€?[D:\Desktop\work_space\HoverPortal\src\HoverPortal\HoverPortal.csproj]
C:\Program Files\dotnet\sdk\7.0.306\Microsoft.Common.CurrentVersion.targets(5150,5): warning MSB3026: 鏃犳硶灏嗏€淒:\Desktop\work_space\HoverPortal\src\HoverPortal\obj\Debug\net7.0-windows\apphost.exe鈥濆鍒跺埌鈥渂in\Debug\net7.0-windows\HoverPortal.exe鈥濄€?000 姣鍚庡皢寮€濮嬬 8 娆￠噸璇曘€俆he process cannot access the file 'D:\Desktop\work_space\HoverPortal\src\HoverPortal\bin\Debug\net7.0-windows\HoverPortal.exe' because it is being used by another process. 鏂囦欢琚€淗overPortal (78360)鈥濋攣瀹氥€?[D:\Desktop\work_space\HoverPortal\src\HoverPortal\HoverPortal.csproj]
C:\Program Files\dotnet\sdk\7.0.306\Microsoft.Common.CurrentVersion.targets(5150,5): warning MSB3026: 鏃犳硶灏嗏€淒:\Desktop\work_space\HoverPortal\src\HoverPortal\obj\Debug\net7.0-windows\apphost.exe鈥濆鍒跺埌鈥渂in\Debug\net7.0-windows\HoverPortal.exe鈥濄€?000 姣鍚庡皢寮€濮嬬 9 娆￠噸璇曘€俆he process cannot access the file 'D:\Desktop\work_space\HoverPortal\src\HoverPortal\bin\Debug\net7.0-windows\HoverPortal.exe' because it is being used by another process. 鏂囦欢琚€淗overPortal (78360)鈥濋攣瀹氥€?[D:\Desktop\work_space\HoverPortal\src\HoverPortal\HoverPortal.csproj]
C:\Program Files\dotnet\sdk\7.0.306\Microsoft.Common.CurrentVersion.targets(5150,5): warning MSB3026: 鏃犳硶灏嗏€淒:\Desktop\work_space\HoverPortal\src\HoverPortal\obj\Debug\net7.0-windows\apphost.exe鈥濆鍒跺埌鈥渂in\Debug\net7.0-windows\HoverPortal.exe鈥濄€?000 姣鍚庡皢寮€濮嬬 10 娆￠噸璇曘€俆he process cannot access the file 'D:\Desktop\work_space\HoverPortal\src\HoverPortal\bin\Debug\net7.0-windows\HoverPortal.exe' because it is being used by another process. 鏂囦欢琚€淗overPortal (78360)鈥濋攣瀹氥€?[D:\Desktop\work_space\HoverPortal\src\HoverPortal\HoverPortal.csproj]
C:\Program Files\dotnet\sdk\7.0.306\Microsoft.Common.CurrentVersion.targets(5150,5): error MSB3027: 鏃犳硶灏嗏€淒:\Desktop\work_space\HoverPortal\src\HoverPortal\obj\Debug\net7.0-windows\apphost.exe鈥濆鍒跺埌鈥渂in\Debug\net7.0-windows\HoverPortal.exe鈥濄€傝秴鍑轰簡閲嶈瘯璁℃暟 10銆傚け璐ャ€傛枃浠惰鈥淗overPortal (78360)鈥濋攣瀹氥€?[D:\Desktop\work_space\HoverPortal\src\HoverPortal\HoverPortal.csproj]
C:\Program Files\dotnet\sdk\7.0.306\Microsoft.Common.CurrentVersion.targets(5150,5): error MSB3021: 鏃犳硶灏嗘枃浠垛€淒:\Desktop\work_space\HoverPortal\src\HoverPortal\obj\Debug\net7.0-windows\apphost.exe鈥濆鍒跺埌鈥渂in\Debug\net7.0-windows\HoverPortal.exe鈥濄€俆he process cannot access the file 'D:\Desktop\work_space\HoverPortal\src\HoverPortal\bin\Debug\net7.0-windows\HoverPortal.exe' because it is being used by another process. [D:\Desktop\work_space\HoverPortal\src\HoverPortal\HoverPortal.csproj]
    10 涓鍛?
    2 涓敊璇?

宸茬敤鏃堕棿 00:00:13.41
